[me.daracloud.uk/index.html]
[backblue.gif]
[fade.gif]
[index.html]
[me.daracloud.uk/assets/css/stylesheet.min.7bfe087ae72df31787ec7a1360dd05ee246a179b51cf7a30a904b39d7f813b69.css]
[me.daracloud.uk/images/myProfile.jpg]
[me.daracloud.uk/images/favicon.ico]
[me.daracloud.uk/images/favicon-16x16.png]
[me.daracloud.uk/images/favicon-32x32.png]
[me.daracloud.uk/images/apple-touch-icon.png]
[me.daracloud.uk/index.html]
[me.daracloud.uk/assets/css/stylesheet.min.7bfe087ae72df31787ec7a1360dd05ee246a179b51cf7a30a904b39d7f813b69.css]
[me.daracloud.uk/index.xml]
[me.daracloud.uk/projects/index.html]
[me.daracloud.uk/articles/index.html]
[me.daracloud.uk/contact/index.html]
[me.daracloud.uk/projects/index.xml]
[me.daracloud.uk/images/boyantnotesbanner.jpg]
[me.daracloud.uk/images/grade-aid-icon.jpg]
[me.daracloud.uk/images/icarus-modern.png]
[me.daracloud.uk/projects/index.html]
[me.daracloud.uk/projects/boyant-notes/index.html]
[me.daracloud.uk/projects/hc-grade-aid/index.html]
[me.daracloud.uk/projects/icarus/index.html]
[me.daracloud.uk/articles/index.xml]
[me.daracloud.uk/images/icarus-the-end-thumbnail.jpg]
[me.daracloud.uk/images/json_thumbnail.png]
[me.daracloud.uk/images/i_am_coding.png]
[me.daracloud.uk/articles/icarus-the-end/index.html]
[me.daracloud.uk/images/thisisfine.png]
[me.daracloud.uk/articles/index.html]
[me.daracloud.uk/articles/icarus-food-edition/index.html]
[me.daracloud.uk/articles/icarus-2nd-update/index.html]
[me.daracloud.uk/contact/index.xml]
[me.daracloud.uk/cdn-cgi/l/email-protection]
[me.daracloud.uk/articles/icarus-announcement/index.html]
[me.daracloud.uk/contact/index.html]
[me.daracloud.uk/cdn-cgi/scripts/5c5dd728/cloudflare-static/email-decode.min.js]
[me.daracloud.uk/projects/boyant-notes/index.html]
[me.daracloud.uk/assets/js/highlight.min.b95bacdc39e37a332a9f883b1e78be4abc1fdca2bc1f2641f55e3cd3dabd4d61.js]
[me.daracloud.uk/privacy-policies/boyant-notes-privacy/index.html]
[me.daracloud.uk/privacy-policies/boyant-notes-support/index.html]
[me.daracloud.uk/privacy-policies/grade-aid-privacy-policy/index.html]
[me.daracloud.uk/projects/hc-grade-aid/index.html]
[me.daracloud.uk/privacy-policies/grade-aid-tos/index.html]
[me.daracloud.uk/images/icarus-firstview.png]
[me.daracloud.uk/projects/icarus/index.html]
[me.daracloud.uk/articles/icarus-the-end/index.html]
[me.daracloud.uk/articles/icarus-food-edition/index.html]
[me.daracloud.uk/privacy-policies/icarus-privacy/index.html]
[me.daracloud.uk/images/valoplant_sova_dart.png]
[me.daracloud.uk/images/ingame_sova_dart.png]
[me.daracloud.uk/articles/icarus-2nd-update/index.html]
[me.daracloud.uk/images/valoplant_agentbar.png]
[me.daracloud.uk/images/valoplant_adbar.png]
[me.daracloud.uk/articles/icarus-announcement/index.html]
[me.daracloud.uk/cdn-cgi/l/email-protection.html]
[me.daracloud.uk/privacy-policies/boyant-notes-privacy/index.html]
[me.daracloud.uk/privacy-policies/boyant-notes-support/index.html]
[me.daracloud.uk/privacy-policies/grade-aid-privacy-policy/index.html]
[me.daracloud.uk/privacy-policies/grade-aid-tos/index.html]
[me.daracloud.uk/privacy-policies/icarus-privacy/index.html]
[me.daracloud.uk/privacy-policies/index.html]
[me.daracloud.uk/privacy-policies/index.html]
[me.daracloud.uk/privacy-policies/index.xml]
